Component: ARM Compiler 5.06 update 6 (build 750) Tool: armlink [4d35ed]

==============================================================================

Section Cross References

    startup_armcm3.o(RESET) refers to startup_armcm3.o(STACK) for __initial_sp
    startup_armcm3.o(RESET) refers to startup_armcm3.o(.text) for Reset_Handler
    startup_armcm3.o(.text) refers to system_armcm3.o(i.SystemInit) for SystemInit
    startup_armcm3.o(.text) refers to bump.o(.text) for __main
    system_armcm3.o(i.SystemCoreClockUpdate) refers to system_armcm3.o(.data) for SystemCoreClock
    system_armcm3.o(i.SystemInit) refers to startup_armcm3.o(RESET) for __Vectors
    system_armcm3.o(i.SystemInit) refers to system_armcm3.o(.data) for SystemCoreClock


==============================================================================

Removing Unused input sections from the image.

    Removing startup_armcm3.o(HEAP), (3072 bytes).
    Removing system_armcm3.o(.rev16_text), (4 bytes).
    Removing system_armcm3.o(.revsh_text), (4 bytes).
    Removing system_armcm3.o(.rrx_text), (6 bytes).
    Removing system_armcm3.o(i.SystemCoreClockUpdate), (16 bytes).

5 unused section(s) (total 3102 bytes) removed from the image.

==============================================================================

Image Symbol Table

    Local Symbols

    Symbol Name                              Value     Ov Type        Size  Object(Section)

    RESET                                    0x00000000   Section      960  startup_armcm3.o(RESET)
    RTE\Device\ARMCM3\startup_ARMCM3.s       0x00000000   Number         0  startup_armcm3.o ABSOLUTE
    RTE\Device\ARMCM3\system_ARMCM3.c        0x00000000   Number         0  system_armcm3.o ABSOLUTE
    RTE\\Device\\ARMCM3\\system_ARMCM3.c     0x00000000   Number         0  system_armcm3.o ABSOLUTE
    bump.s                                   0x00000000   Number         0  bump.o ABSOLUTE
    .text                                    0x000003c0   Section      136  bump.o(.text)
    .text                                    0x00000448   Section       56  startup_armcm3.o(.text)
    i.SystemInit                             0x00000480   Section        0  system_armcm3.o(i.SystemInit)
    .data                                    0x20000000   Section        4  system_armcm3.o(.data)
    STACK                                    0x20000008   Section     1024  startup_armcm3.o(STACK)

    Global Symbols

    Symbol Name                              Value     Ov Type        Size  Object(Section)

    BuildAttributes$$THM_ISAv4$P$D$K$B$S$PE$A:L22UL41UL21$X:L11$S22US41US21$IEEE1$IW$USESV6$~STKCKD$USESV7$~SHL$OSPACE$EBA8$MICROLIB$REQ8$PRES8$EABIv2 0x00000000   Number         0  anon$$obj.o ABSOLUTE
    __Vectors                                0x00000000   Data           4  startup_armcm3.o(RESET)
    __Vectors_End                            0x000003c0   Data           0  startup_armcm3.o(RESET)
    __Vectors_Size                           0x000003c0   Number         0  startup_armcm3.o ABSOLUTE
    __main                                   0x000003c1   Thumb Code     0  bump.o(.text)
    Reset_Handler                            0x00000449   Thumb Code     8  startup_armcm3.o(.text)
    HardFault_Handler                        0x00000451   Thumb Code     2  startup_armcm3.o(.text)
    NMI_Handler                              0x00000453   Thumb Code     2  startup_armcm3.o(.text)
    MemManage_Handler                        0x00000455   Thumb Code     2  startup_armcm3.o(.text)
    BusFault_Handler                         0x00000457   Thumb Code     2  startup_armcm3.o(.text)
    UsageFault_Handler                       0x00000459   Thumb Code     2  startup_armcm3.o(.text)
    SVC_Handler                              0x0000045b   Thumb Code     2  startup_armcm3.o(.text)
    DebugMon_Handler                         0x0000045d   Thumb Code     2  startup_armcm3.o(.text)
    PendSV_Handler                           0x0000045f   Thumb Code     2  startup_armcm3.o(.text)
    SysTick_Handler                          0x00000461   Thumb Code     2  startup_armcm3.o(.text)
    Interrupt0_Handler                       0x00000463   Thumb Code     2  startup_armcm3.o(.text)
    Interrupt1_Handler                       0x00000465   Thumb Code     2  startup_armcm3.o(.text)
    Interrupt2_Handler                       0x00000467   Thumb Code     2  startup_armcm3.o(.text)
    Interrupt3_Handler                       0x00000469   Thumb Code     2  startup_armcm3.o(.text)
    Interrupt4_Handler                       0x0000046b   Thumb Code     2  startup_armcm3.o(.text)
    Interrupt5_Handler                       0x0000046d   Thumb Code     2  startup_armcm3.o(.text)
    Interrupt6_Handler                       0x0000046f   Thumb Code     2  startup_armcm3.o(.text)
    Interrupt7_Handler                       0x00000471   Thumb Code     2  startup_armcm3.o(.text)
    Interrupt8_Handler                       0x00000473   Thumb Code     2  startup_armcm3.o(.text)
    Interrupt9_Handler                       0x00000475   Thumb Code     2  startup_armcm3.o(.text)
    SystemInit                               0x00000481   Thumb Code    14  system_armcm3.o(i.SystemInit)
    SystemCoreClock                          0x20000000   Data           4  system_armcm3.o(.data)
    __stack_limit                            0x20000008   Data           0  startup_armcm3.o(STACK)
    __initial_sp                             0x20000408   Data           0  startup_armcm3.o(STACK)



==============================================================================

Memory Map of the image

  Image Entry point : 0x00000449

  Load Region LR_1 (Base: 0x00000000, Size: 0x000004a4, Max: 0xffffffff, ABSOLUTE)

    Execution Region ER_RO (Exec base: 0x00000000, Load base: 0x00000000, Size: 0x000004a0, Max: 0xffffffff, ABSOLUTE)

    Exec Addr    Load Addr    Size         Type   Attr      Idx    E Section Name        Object

    0x00000000   0x00000000   0x000003c0   Data   RO            8    RESET               startup_armcm3.o
    0x000003c0   0x000003c0   0x00000088   Code   RO            1  * .text               bump.o
    0x00000448   0x00000448   0x00000038   Code   RO            9  * .text               startup_armcm3.o
    0x00000480   0x00000480   0x00000020   Code   RO           17    i.SystemInit        system_armcm3.o


    Execution Region ER_RW (Exec base: 0x20000000, Load base: 0x000004a0, Size: 0x00000004, Max: 0xffffffff, ABSOLUTE)

    Exec Addr    Load Addr    Size         Type   Attr      Idx    E Section Name        Object

    0x20000000   0x000004a0   0x00000004   Data   RW           18    .data               system_armcm3.o


    Execution Region ER_ZI (Exec base: 0x20000004, Load base: 0x000004a4, Size: 0x00000404, Max: 0xffffffff, ABSOLUTE)

    Exec Addr    Load Addr    Size         Type   Attr      Idx    E Section Name        Object

    0x20000004   0x000004a4   0x00000004   PAD
    0x20000008        -       0x00000400   Zero   RW            6    STACK               startup_armcm3.o


==============================================================================

Image component sizes


      Code (inc. data)   RO Data    RW Data    ZI Data      Debug   Object Name

       136         38          0          0          0        272   bump.o
        56         10        960          0       1024       1164   startup_armcm3.o
        32         18          0          4          0       5155   system_armcm3.o

    ----------------------------------------------------------------------
       224         66        960          4       1028       6591   Object Totals
         0          0          0          0          0          0   (incl. Generated)
         0          0          0          0          4          0   (incl. Padding)

    ----------------------------------------------------------------------
         0          0          0          0          0          0   Library Totals
         0          0          0          0          0          0   (incl. Padding)

    ----------------------------------------------------------------------

==============================================================================


      Code (inc. data)   RO Data    RW Data    ZI Data      Debug   

       224         66        960          4       1028       6591   Grand Totals
       224         66        960          4       1028       6591   ELF Image Totals
       224         66        960          4          0          0   ROM Totals

==============================================================================

    Total RO  Size (Code + RO Data)                 1184 (   1.16kB)
    Total RW  Size (RW Data + ZI Data)              1032 (   1.01kB)
    Total ROM Size (Code + RO Data + RW Data)       1188 (   1.16kB)

==============================================================================

