Component: ARM Compiler 5.06 update 6 (build 750) Tool: armlink [4d35ed]

==============================================================================

Section Cross References

    stellar.o(.text) refers to config.o(.text) for MOTEUR_INIT
    startup_armcm3.o(RESET) refers to startup_armcm3.o(STACK) for __initial_sp
    startup_armcm3.o(RESET) refers to startup_armcm3.o(.text) for Reset_Handler
    startup_armcm3.o(.text) refers to system_armcm3.o(i.SystemInit) for SystemInit
    startup_armcm3.o(.text) refers to stellar.o(.text) for __main
    system_armcm3.o(i.SystemCoreClockUpdate) refers to system_armcm3.o(.data) for SystemCoreClock
    system_armcm3.o(i.SystemInit) refers to startup_armcm3.o(RESET) for __Vectors
    system_armcm3.o(i.SystemInit) refers to system_armcm3.o(.data) for SystemCoreClock


==============================================================================

Removing Unused input sections from the image.

    Removing startup_armcm3.o(HEAP), (3072 bytes).
    Removing system_armcm3.o(.rev16_text), (4 bytes).
    Removing system_armcm3.o(.revsh_text), (4 bytes).
    Removing system_armcm3.o(.rrx_text), (6 bytes).
    Removing system_armcm3.o(i.SystemCoreClockUpdate), (16 bytes).

5 unused section(s) (total 3102 bytes) removed from the image.

==============================================================================

Image Symbol Table

    Local Symbols

    Symbol Name                              Value     Ov Type        Size  Object(Section)

    RESET                                    0x00000000   Section      960  startup_armcm3.o(RESET)
    RTE\Device\ARMCM3\startup_ARMCM3.s       0x00000000   Number         0  startup_armcm3.o ABSOLUTE
    RTE\Device\ARMCM3\system_ARMCM3.c        0x00000000   Number         0  system_armcm3.o ABSOLUTE
    RTE\\Device\\ARMCM3\\system_ARMCM3.c     0x00000000   Number         0  system_armcm3.o ABSOLUTE
    config.s                                 0x00000000   Number         0  config.o ABSOLUTE
    stellar.s                                0x00000000   Number         0  stellar.o ABSOLUTE
    .text                                    0x000003c0   Section      484  config.o(.text)
    .text                                    0x000005a4   Section      788  stellar.o(.text)
    .text                                    0x000008b8   Section       56  startup_armcm3.o(.text)
    i.SystemInit                             0x000008f0   Section        0  system_armcm3.o(i.SystemInit)
    .data                                    0x20000000   Section        4  system_armcm3.o(.data)
    STACK                                    0x20000008   Section     1024  startup_armcm3.o(STACK)

    Global Symbols

    Symbol Name                              Value     Ov Type        Size  Object(Section)

    BuildAttributes$$THM_ISAv4$P$D$K$B$S$PE$A:L22UL41UL21$X:L11$S22US41US21$IEEE1$IW$USESV6$~STKCKD$USESV7$~SHL$OSPACE$EBA8$MICROLIB$REQ8$PRES8$EABIv2 0x00000000   Number         0  anon$$obj.o ABSOLUTE
    __Vectors                                0x00000000   Data           4  startup_armcm3.o(RESET)
    MOTEUR_INIT                              0x000003c1   Thumb Code     0  config.o(.text)
    __Vectors_End                            0x000003c0   Data           0  startup_armcm3.o(RESET)
    __Vectors_Size                           0x000003c0   Number         0  startup_armcm3.o ABSOLUTE
    MOTEUR_DROIT_ON                          0x000004c5   Thumb Code     0  config.o(.text)
    MOTEUR_DROIT_OFF                         0x000004d1   Thumb Code     0  config.o(.text)
    MOTEUR_GAUCHE_ON                         0x000004dd   Thumb Code     0  config.o(.text)
    MOTEUR_GAUCHE_OFF                        0x000004e9   Thumb Code     0  config.o(.text)
    MOTEUR_DROIT_ARRIERE                     0x000004f5   Thumb Code     0  config.o(.text)
    MOTEUR_DROIT_AVANT                       0x000004ff   Thumb Code     0  config.o(.text)
    MOTEUR_GAUCHE_ARRIERE                    0x00000509   Thumb Code     0  config.o(.text)
    MOTEUR_GAUCHE_AVANT                      0x00000513   Thumb Code     0  config.o(.text)
    MOTEUR_DROIT_INVERSE                     0x0000051d   Thumb Code     0  config.o(.text)
    MOTEUR_GAUCHE_INVERSE                    0x00000529   Thumb Code     0  config.o(.text)
    __main                                   0x000005a5   Thumb Code     0  stellar.o(.text)
    Reset_Handler                            0x000008b9   Thumb Code     8  startup_armcm3.o(.text)
    HardFault_Handler                        0x000008c1   Thumb Code     2  startup_armcm3.o(.text)
    NMI_Handler                              0x000008c3   Thumb Code     2  startup_armcm3.o(.text)
    MemManage_Handler                        0x000008c5   Thumb Code     2  startup_armcm3.o(.text)
    BusFault_Handler                         0x000008c7   Thumb Code     2  startup_armcm3.o(.text)
    UsageFault_Handler                       0x000008c9   Thumb Code     2  startup_armcm3.o(.text)
    SVC_Handler                              0x000008cb   Thumb Code     2  startup_armcm3.o(.text)
    DebugMon_Handler                         0x000008cd   Thumb Code     2  startup_armcm3.o(.text)
    PendSV_Handler                           0x000008cf   Thumb Code     2  startup_armcm3.o(.text)
    SysTick_Handler                          0x000008d1   Thumb Code     2  startup_armcm3.o(.text)
    Interrupt0_Handler                       0x000008d3   Thumb Code     2  startup_armcm3.o(.text)
    Interrupt1_Handler                       0x000008d5   Thumb Code     2  startup_armcm3.o(.text)
    Interrupt2_Handler                       0x000008d7   Thumb Code     2  startup_armcm3.o(.text)
    Interrupt3_Handler                       0x000008d9   Thumb Code     2  startup_armcm3.o(.text)
    Interrupt4_Handler                       0x000008db   Thumb Code     2  startup_armcm3.o(.text)
    Interrupt5_Handler                       0x000008dd   Thumb Code     2  startup_armcm3.o(.text)
    Interrupt6_Handler                       0x000008df   Thumb Code     2  startup_armcm3.o(.text)
    Interrupt7_Handler                       0x000008e1   Thumb Code     2  startup_armcm3.o(.text)
    Interrupt8_Handler                       0x000008e3   Thumb Code     2  startup_armcm3.o(.text)
    Interrupt9_Handler                       0x000008e5   Thumb Code     2  startup_armcm3.o(.text)
    SystemInit                               0x000008f1   Thumb Code    14  system_armcm3.o(i.SystemInit)
    SystemCoreClock                          0x20000000   Data           4  system_armcm3.o(.data)
    __stack_limit                            0x20000008   Data           0  startup_armcm3.o(STACK)
    __initial_sp                             0x20000408   Data           0  startup_armcm3.o(STACK)



==============================================================================

Memory Map of the image

  Image Entry point : 0x000008b9

  Load Region LR_1 (Base: 0x00000000, Size: 0x00000914, Max: 0xffffffff, ABSOLUTE)

    Execution Region ER_RO (Exec base: 0x00000000, Load base: 0x00000000, Size: 0x00000910, Max: 0xffffffff, ABSOLUTE)

    Exec Addr    Load Addr    Size         Type   Attr      Idx    E Section Name        Object

    0x00000000   0x00000000   0x000003c0   Data   RO           11    RESET               startup_armcm3.o
    0x000003c0   0x000003c0   0x000001e4   Code   RO            1  * .text               config.o
    0x000005a4   0x000005a4   0x00000314   Code   RO            6  * .text               stellar.o
    0x000008b8   0x000008b8   0x00000038   Code   RO           12  * .text               startup_armcm3.o
    0x000008f0   0x000008f0   0x00000020   Code   RO           20    i.SystemInit        system_armcm3.o


    Execution Region ER_RW (Exec base: 0x20000000, Load base: 0x00000910, Size: 0x00000004, Max: 0xffffffff, ABSOLUTE)

    Exec Addr    Load Addr    Size         Type   Attr      Idx    E Section Name        Object

    0x20000000   0x00000910   0x00000004   Data   RW           21    .data               system_armcm3.o


    Execution Region ER_ZI (Exec base: 0x20000004, Load base: 0x00000914, Size: 0x00000404, Max: 0xffffffff, ABSOLUTE)

    Exec Addr    Load Addr    Size         Type   Attr      Idx    E Section Name        Object

    0x20000004   0x00000914   0x00000004   PAD
    0x20000008        -       0x00000400   Zero   RW            9    STACK               startup_armcm3.o


==============================================================================

Image component sizes


      Code (inc. data)   RO Data    RW Data    ZI Data      Debug   Object Name

       484        112          0          0          0        476   config.o
        56         10        960          0       1024       1248   startup_armcm3.o
       788        124          0          0          0        532   stellar.o
        32         18          0          4          0       5323   system_armcm3.o

    ----------------------------------------------------------------------
      1360        264        960          4       1028       7579   Object Totals
         0          0          0          0          0          0   (incl. Generated)
         0          0          0          0          4          0   (incl. Padding)

    ----------------------------------------------------------------------
         0          0          0          0          0          0   Library Totals
         0          0          0          0          0          0   (incl. Padding)

    ----------------------------------------------------------------------

==============================================================================


      Code (inc. data)   RO Data    RW Data    ZI Data      Debug   

      1360        264        960          4       1028       7579   Grand Totals
      1360        264        960          4       1028       7579   ELF Image Totals
      1360        264        960          4          0          0   ROM Totals

==============================================================================

    Total RO  Size (Code + RO Data)                 2320 (   2.27kB)
    Total RW  Size (RW Data + ZI Data)              1032 (   1.01kB)
    Total ROM Size (Code + RO Data + RW Data)       2324 (   2.27kB)

==============================================================================

